stmt (3):1:1 ;
    expr (4):1:1 []
stmt (3):2:1 ;
    expr (4):2:1 []
        expr (3):2:2 1
stmt (3):3:1 ;
    expr (4):3:1 []
        expr (3):3:2 1
        expr (3):3:4 2
        expr (3):3:6 3
