stmt (3):1:1 ...;
    expr (5):1:1 +
        expr (5):1:1 +
            expr (1):1:1 x
            expr (1):1:5 x
        expr (1):1:9 x
stmt (3):2:1 ...;
    expr (5):2:1 +
        expr (1):2:1 x
        expr (5):2:5 +
            expr (1):2:6 x
            expr (1):2:10 x
stmt (3):3:1 ...;
    expr (5):3:1 +
        expr (1):3:1 x
        expr (5):3:5 *
            expr (1):3:5 x
            expr (1):3:9 x
stmt (3):4:1 ...;
    expr (5):4:1 *
        expr (5):4:1 +
            expr (1):4:2 x
            expr (1):4:6 x
        expr (1):4:11 x
stmt (3):5:1 ...;
    expr (5):5:1 =
        expr (1):5:1 x
        expr (5):5:5 =
            expr (1):5:5 x
            expr (1):5:9 x
stmt (3):6:1 ...;
    expr (5):6:1 =
        expr (5):6:1 =
            expr (1):6:2 x
            expr (1):6:6 x
        expr (1):6:11 x
stmt (3):7:1 ...;
    expr (5):7:1 =
        expr (1):7:1 x
        expr (5):7:5 =
            expr (6):7:5 ?
                expr (1):7:5 x
                expr (5):7:9 =
                    expr (1):7:9 x
                    expr (1):7:13 x
                expr (1):7:17 x
            expr (1):7:21 x
