stmt (14):1:1 return
    expr (1):1:1 (empty)
stmt (14):2:1 return
    expr (3):2:8 0
stmt (15):3:1 break
stmt (16):4:1 continue
