stmt (12):1:1 struct s
stmt (12):2:1 struct s
    member  :2:12 x
    type (3):2:15 a
    expr (1):2:12 (empty)
    member  :2:18 y
    type (3):2:21 b
    expr (3):2:25 0
