(3):1:1 'a' a
(3):2:1 '"' "
(3):3:1 '\'' '
(3):4:1 '\"' "
(3):5:1 '\n' 

(3):6:1 '\r' 
(3):7:1 '\t' 	
(3):8:1 '\x61' a
