(5):1:1 a a
(5):1:3 aaaa aaaa
(5):1:8 a a
(28):1:9 ==
(5):1:11 a a
(28):1:13 ==
(5):1:15 a a
(5):1:17 a a
(5):1:21 a a
(27):1:22 =
