(2):1:1 1 1
(2):2:1 12 12
(2):3:1 1_2_3_ 123
(2):4:1 0b1 1
(2):5:1 0b1100 12
(2):6:1 0b_111_10_1_1_ 123
(2):7:1 0x1 1
(2):8:1 0xC 12
(2):9:1 0x_7b_ 123
