(4):1:1 "" 
(4):2:1 "abc" abc
(4):3:1 "'" '
(4):4:1 "\'" '
(4):5:1 "\"" "
(4):6:1 "\n" 

(4):7:1 "\r" 
(4):8:1 "\t" 	
(4):9:1 "a\0b" a
(4):10:1 "\x61" a
(4):11:1 "Z\x5AZ" ZZZ
