(36):1:1 +=
(33):1:4 >
(36):2:1 +=
(33):2:3 >
(12):3:1 +
(47):3:3 =>
(12):4:1 +
(47):4:9 =>
(12):5:1 +
(47):6:1 =>
