(5):1:1 a a
(5):2:1 abc abc
(5):3:1 ABC ABC
(5):4:1 a123 a123
(5):5:1 A_1 A_1
(5):6:1 _ _
(5):7:1 _123 _123
